
> temp_next@0.1.0 build
> next build

Γû▓ Next.js 16.1.6 (Turbopack)
- Environments: .env.local

node.exe : ΓÜá The "middleware" file convention is deprecated. Please use 
"proxy" instead. Learn more: 
https://nextjs.org/docs/messages/middleware-to-proxy
At line:1 char:1
+ & "C:\Program Files\nodejs/node.exe" "C:\Program Files\nodejs/node_mo ...
+ ~~~~~~~~~~~~~~~~~~~~~~~~~~~~~~~~~~~~~~~~~~~~~~~~~~~~~~~~~~~~~~~~~~~~~
    + CategoryInfo          : NotSpecified: (ΓÜá The "middle...leware-to-proxy 
   :String) [], RemoteException
    + FullyQualifiedErrorId : NativeCommandError
 
  Creating an optimized production build ...
Γ£ô Compiled successfully in 13.0s
  Running TypeScript ...
  Collecting page data using 11 workers ...
  Generating static pages using 11 workers (0/76) ...
  Generating static pages using 11 workers (19/76) 
Γ¿» useSearchParams() should be wrapped in a suspense boundary at page 
"/inventory/grn". Read more: 
https://nextjs.org/docs/messages/missing-suspense-with-csr-bailout
    at Q (D:\Projects\FacilityPlatform\enterprise-canvas-main\.next\server\chun
ks\ssr\node_modules_next_920e7746._.js:2:2111)
    at o (D:\Projects\FacilityPlatform\enterprise-canvas-main\.next\server\chun
ks\ssr\node_modules_next_920e7746._.js:4:5284)
    at U (D:\Projects\FacilityPlatform\enterprise-canvas-main\.next\server\chun
ks\ssr\app_(dashboard)_inventory_grn_page_tsx_54757d70._.js:1:1919)
    at an (D:\Projects\FacilityPlatform\enterprise-canvas-main\node_modules\nex
t\dist\compiled\next-server\app-page-turbo.runtime.prod.js:2:84360)
    at ai (D:\Projects\FacilityPlatform\enterprise-canvas-main\node_modules\nex
t\dist\compiled\next-server\app-page-turbo.runtime.prod.js:2:86179)
    at al (D:\Projects\FacilityPlatform\enterprise-canvas-main\node_modules\nex
t\dist\compiled\next-server\app-page-turbo.runtime.prod.js:2:107953)
    at as (D:\Projects\FacilityPlatform\enterprise-canvas-main\node_modules\nex
t\dist\compiled\next-server\app-page-turbo.runtime.prod.js:2:105368)
    at aa (D:\Projects\FacilityPlatform\enterprise-canvas-main\node_modules\nex
t\dist\compiled\next-server\app-page-turbo.runtime.prod.js:2:84712)
    at ai (D:\Projects\FacilityPlatform\enterprise-canvas-main\node_modules\nex
t\dist\compiled\next-server\app-page-turbo.runtime.prod.js:2:86228)
    at ai (D:\Projects\FacilityPlatform\enterprise-canvas-main\node_modules\nex
t\dist\compiled\next-server\app-page-turbo.runtime.prod.js:2:104708)
Error occurred prerendering page "/inventory/grn". Read more: 
https://nextjs.org/docs/messages/prerender-error
Export encountered an error on /(dashboard)/inventory/grn/page: 
/inventory/grn, exiting the build.
Γ¿» Next.js build worker exited with code: 1 and signal: null
